// Jest Snapshot v1, https://goo.gl/fbAQLP

exports[`Classes component renders the Classes component 1`] = `
<DocumentFragment>
  <div
    class="base-class"
  >
    Classes Block
  </div>
</DocumentFragment>
`;
