// Vitest Snapshot v1, https://vitest.dev/guide/snapshot.html

exports[`Show > renders the Show component 1`] = `
<DocumentFragment>
  When Component
</DocumentFragment>
`;
